// Jest Snapshot v1, https://goo.gl/fbAQLP

exports[`renders as expected upon error 1`] = `
<div
  className="justASecAlrightGeez"
>
  Loading...
</div>
`;

exports[`renders as expected when given a post to render 1`] = `
<div
  className="justASecAlrightGeez"
>
  Loading...
</div>
`;
